googlecode_badluck_r2_20101102.svndump.bz2
googlecode_ffprofile_r3_20101210.svndump.bz2
googlecode_gsvn-bundle_r27_20101213.svndump.bz2
googlecode_libmyplace-perl_r31_20101210.svndump.bz2
googlecode_losebox_r2_20101213.svndump.bz2
googlecode_loseplace_r6_20101214.svndump.bz2
googlecode_nightgun_r14_20101114.svndump.bz2
googlecode_vcsplace_r3_20101214.svndump.bz2
googlecode_websaver2_r11_20101113.svndump.bz2
googlecode_xrzbackup_r2_20101215.svndump.bz2
googlecode_xrzperl_r108_20101215.svndump.bz2
googlecode_xrzshellscript_r42_20101124.svndump.bz2
googlecode_xrzvb6_r3_20101104.svndump.bz2
googlecode_zcodebase_r5_20101213.svndump.bz2
googlecode_zdrawing_r1_20101124.svndump.bz2
googlecode_zebook_r5_20101114.svndump.bz2
googlecode_zfreebasic_r5_20101102.svndump.bz2
googlecode_zmyplace_r14_20101212.svndump.bz2
googlecode_zpages_r1_20101125.svndump.bz2
googlecode_zrepos_r36_20101215.svndump.bz2
googlecode_zscripts_r3_20101213.svndump.bz2
googlecode_ztext_r16_20101114.svndump.bz2
googlecode_zutils_r4_20101114.svndump.bz2
googlecode_zwww_r1_20101124.svndump.bz2
projectlocker_babebase_r60_20101210.svndump.bz2
projectlocker_gmscripts_r6_20101120.svndump.bz2
projectlocker_gsbridge_r62_20101215.svndump.bz2
